  ΓÇó electron-builder  version=26.7.0 os=10.0.21996
  Γ¿» ENOENT: no such file or directory, open 'D:\erp-love\storeflow-erp\.forceCodeSigning=false'  failedTask=build stackTrace=Error: ENOENT: no such file or directory, open 'D:\erp-love\storeflow-erp\.forceCodeSigning=false'
    at open (node:internal/fs/promises:633:25)
    at Object.readFile (node:internal/fs/promises:1237:14)
    at readConfig (D:\erp-love\storeflow-erp\node_modules\app-builder-lib\src\util\config\load.ts:19:16)
    at getConfig (D:\erp-love\storeflow-erp\node_modules\app-builder-lib\src\util\config\config.ts:43:34)
    at Packager.validateConfig (D:\erp-love\storeflow-erp\node_modules\app-builder-lib\src\packager.ts:376:27)
    at Packager.build (D:\erp-love\storeflow-erp\node_modules\app-builder-lib\src\packager.ts:406:5)
    at executeFinally (D:\erp-love\storeflow-erp\node_modules\builder-util\src\promise.ts:12:14)
